<testsuites name="jest tests">
  <testsuite name="undefined" tests="1" errors="0" failures="0" skipped="0" timestamp="2017-06-30T20:33:25" time="0.969">
    <testcase classname=" renders ok" name=" renders ok" time="0.07">
    </testcase>
  </testsuite>
  <testsuite name="undefined" tests="1" errors="0" failures="0" skipped="0" timestamp="2017-06-30T20:33:26" time="0.3">
    <testcase classname=" renders correctly" name=" renders correctly" time="0.024">
    </testcase>
  </testsuite>
  <testsuite name="undefined" tests="1" errors="0" failures="0" skipped="0" timestamp="2017-06-30T20:33:27" time="0.088">
    <testcase classname=" renders ok" name=" renders ok" time="0.006">
    </testcase>
  </testsuite>
  <testsuite name="undefined" tests="2" errors="0" failures="0" skipped="0" timestamp="2017-06-30T20:33:27" time="0.05">
    <testcase classname=" renders ok" name=" renders ok" time="0">
    </testcase>
    <testcase classname=" renders ok" name=" renders ok" time="0.001">
    </testcase>
  </testsuite>
</testsuites>